repository=Ingwarski/NanoDuck-AI-Consulting-Group-Neo
revision=7b3b4545e2b8c18f488ac667973a0c3ddf661ff3
workflow=Application checks
workflow_run_id=36282318357
workflow_url=https://github.com/Ingwarski/NanoDuck-AI-Consulting-Group-Neo/actions/runs/36282318357
checks_job_id=108516389873
checks_job_command=npm run check
checks_job_status=passed
container_job_id=108516389813
container_job_commands=docker build and non-root runtime dependency verification
container_job_status=passed
tests=224
pass=224
fail=0
skipped=0
real_mysql_1=real MySQL: idle leadership survives the session timeout and remains exclusive until close | passed
real_mysql_2=real MySQL: isolation, long sources, encrypted usage, restart, deletion and full recovery | passed
real_mysql_3=real MySQL: run bindings reject rebinding, cross-chat ids and parallel ledger mismatch | passed
real_mysql_4=real MySQL: a restart resumes after saved follow-up research and correction without replay | passed
result=passed
