revision=7b3b4545e2b8c18f488ac667973a0c3ddf661ff3
forge/runs/combined-updates-port-20260927/evidence/app/output/playwright/chromium-active-desktop.png:      PNG image data, 1280 x 900, 8-bit/color RGB, non-interlaced
forge/runs/combined-updates-port-20260927/evidence/app/output/playwright/chromium-active-mobile.png:       PNG image data, 390 x 844, 8-bit/color RGB, non-interlaced
forge/runs/combined-updates-port-20260927/evidence/app/output/playwright/chromium-conversations-glass.png: PNG image data, 1280 x 520, 8-bit/color RGB, non-interlaced
forge/runs/combined-updates-port-20260927/evidence/app/output/playwright/chromium-discussion-glass.png:    PNG image data, 1280 x 520, 8-bit/color RGB, non-interlaced
forge/runs/combined-updates-port-20260927/evidence/app/output/playwright/chromium-reading-desktop.png:     PNG image data, 1280 x 1675, 8-bit/color RGB, non-interlaced
forge/runs/combined-updates-port-20260927/evidence/app/output/playwright/chromium-reading-mobile.png:      PNG image data, 390 x 844, 8-bit/color RGB, non-interlaced
forge/runs/combined-updates-port-20260927/evidence/app/output/playwright/chromium-settings-glass.png:      PNG image data, 1280 x 520, 8-bit/color RGB, non-interlaced
forge/runs/combined-updates-port-20260927/evidence/app/output/playwright/chromium-usage-desktop.png:       PNG image data, 1280 x 2543, 8-bit/color RGB, non-interlaced
forge/runs/combined-updates-port-20260927/evidence/app/output/playwright/chromium-usage-mobile.png:        PNG image data, 320 x 3474, 8-bit/color RGB, non-interlaced
forge/runs/combined-updates-port-20260927/evidence/app/output/playwright/firefox-active-desktop.png:       PNG image data, 1280 x 900, 8-bit/color RGBA, non-interlaced
forge/runs/combined-updates-port-20260927/evidence/app/output/playwright/firefox-active-mobile.png:        PNG image data, 390 x 844, 8-bit/color RGBA, non-interlaced
forge/runs/combined-updates-port-20260927/evidence/app/output/playwright/firefox-conversations-glass.png:  PNG image data, 1280 x 520, 8-bit/color RGBA, non-interlaced
forge/runs/combined-updates-port-20260927/evidence/app/output/playwright/firefox-discussion-glass.png:     PNG image data, 1280 x 520, 8-bit/color RGBA, non-interlaced
forge/runs/combined-updates-port-20260927/evidence/app/output/playwright/firefox-reading-desktop.png:      PNG image data, 1280 x 1675, 8-bit/color RGBA, non-interlaced
forge/runs/combined-updates-port-20260927/evidence/app/output/playwright/firefox-reading-mobile.png:       PNG image data, 390 x 844, 8-bit/color RGBA, non-interlaced
forge/runs/combined-updates-port-20260927/evidence/app/output/playwright/firefox-settings-glass.png:       PNG image data, 1280 x 520, 8-bit/color RGBA, non-interlaced
forge/runs/combined-updates-port-20260927/evidence/app/output/playwright/firefox-usage-desktop.png:        PNG image data, 1280 x 2544, 8-bit/color RGBA, non-interlaced
forge/runs/combined-updates-port-20260927/evidence/app/output/playwright/firefox-usage-mobile.png:         PNG image data, 320 x 3500, 8-bit/color RGBA, non-interlaced
forge/runs/combined-updates-port-20260927/evidence/app/output/playwright/webkit-active-desktop.png:        PNG image data, 1280 x 900, 8-bit/color RGBA, non-interlaced
forge/runs/combined-updates-port-20260927/evidence/app/output/playwright/webkit-active-mobile.png:         PNG image data, 390 x 844, 8-bit/color RGBA, non-interlaced
forge/runs/combined-updates-port-20260927/evidence/app/output/playwright/webkit-conversations-glass.png:   PNG image data, 1280 x 520, 8-bit/color RGBA, non-interlaced
forge/runs/combined-updates-port-20260927/evidence/app/output/playwright/webkit-discussion-glass.png:      PNG image data, 1280 x 520, 8-bit/color RGBA, non-interlaced
forge/runs/combined-updates-port-20260927/evidence/app/output/playwright/webkit-reading-desktop.png:       PNG image data, 1280 x 1675, 8-bit/color RGBA, non-interlaced
forge/runs/combined-updates-port-20260927/evidence/app/output/playwright/webkit-reading-mobile.png:        PNG image data, 390 x 844, 8-bit/color RGBA, non-interlaced
forge/runs/combined-updates-port-20260927/evidence/app/output/playwright/webkit-settings-glass.png:        PNG image data, 1280 x 520, 8-bit/color RGBA, non-interlaced
forge/runs/combined-updates-port-20260927/evidence/app/output/playwright/webkit-usage-desktop.png:         PNG image data, 1280 x 2539, 8-bit/color RGBA, non-interlaced
forge/runs/combined-updates-port-20260927/evidence/app/output/playwright/webkit-usage-mobile.png:          PNG image data, 320 x 3430, 8-bit/color RGBA, non-interlaced
forge/runs/combined-updates-port-20260927/evidence/glass/chromium-refraction.png:                          PNG image data, 1280 x 800, 8-bit/color RGB, non-interlaced
forge/runs/combined-updates-port-20260927/evidence/glass/firefox-refraction.png:                           PNG image data, 1280 x 800, 8-bit/color RGBA, non-interlaced
forge/runs/combined-updates-port-20260927/evidence/glass/webkit-refraction.png:                            PNG image data, 1280 x 800, 8-bit/color RGBA, non-interlaced
forge/runs/combined-updates-port-20260927/evidence/tables/table-chromium.png:                              PNG image data, 1280 x 900, 8-bit/color RGB, non-interlaced
forge/runs/combined-updates-port-20260927/evidence/tables/table-firefox.png:                               PNG image data, 1280 x 900, 8-bit/color RGBA, non-interlaced
forge/runs/combined-updates-port-20260927/evidence/tables/table-webkit.png:                                PNG image data, 1280 x 900, 8-bit/color RGBA, non-interlaced
